
=================================================================
📊 美股持仓监控报告 - 2026-02-28 01:11:28
=================================================================

📈 持仓概况:

🔴 TSLA.US: 10股 @ $401.76
   成本: $416.67 | 盈亏: $-149.10 (-3.58%)
   止损: $395.84 | 状态: 🟡 警告
   🛡️ 期权保护: Put $395 @ $11.35 (距行权价 +1.7%)
🔴 NVDA.US: 100股 @ $180.15
   成本: $189.69 | 盈亏: $-954.50 (-5.03%)
   止损: $180.21 | 状态: 🔴 止损
🔴 MSFT.US: 25股 @ $394.48
   成本: $401.78 | 盈亏: $-182.50 (-1.82%)
   止损: $381.69 | 状态: 🟢 OK
🔴 GOOGL.US: 33股 @ $308.55
   成本: $309.00 | 盈亏: $-14.72 (-0.14%)
   止损: $293.55 | 状态: 🟢 OK
🟢 QQQ.US: 68股 @ $607.17
   成本: $600.64 | 盈亏: $444.04 (+1.09%)
   止损: $570.61 | 状态: 🟢 OK

💰 总盈亏: $-856.78

🛡️ 期权保护状态:
   TSLA.US: ✅ 安全 (距行权价 +1.7%)

🚨 风险警报:
   ⚠️ TSLA.US: 接近止损线! 亏损 -3.58%
   ⚠️ NVDA.US: 触发止损! 亏损 -5.03%

=================================================================

=================================================================
📊 美股持仓监控报告 - 2026-02-28 01:13:08
=================================================================

📈 持仓概况:

🔴 TSLA.US: 10股 @ $401.21
   成本: $416.67 | 盈亏: $-154.60 (-3.71%)
   止损: $395.84 | 状态: 🟡 警告
   🛡️ 期权保护: Put $395 @ $11.35 (距行权价 +1.6%)
🔴 MSFT.US: 25股 @ $394.38
   成本: $401.78 | 盈亏: $-184.87 (-1.84%)
   止损: $381.69 | 状态: 🟢 OK
🔴 GOOGL.US: 33股 @ $308.46
   成本: $309.00 | 盈亏: $-17.82 (-0.17%)
   止损: $293.55 | 状态: 🟢 OK
🟢 QQQ.US: 68股 @ $606.80
   成本: $600.64 | 盈亏: $419.22 (+1.03%)
   止损: $570.61 | 状态: 🟢 OK

💰 总盈亏: $61.92

🛡️ 期权保护状态:
   TSLA.US: ✅ 安全 (距行权价 +1.6%)

🚨 风险警报:
   ⚠️ TSLA.US: 接近止损线! 亏损 -3.71%

=================================================================
