============================================================
📊 持仓监控报告 - 2026-02-18 00:15:13
============================================================
🔴 TSLA: $404.08 (-3.02%) [hold]
🔴 NVDA: $181.90 (-2.70%) [hold]
🔴 MSFT: $397.73 (-1.01%) [hold]
🔴 GOOGL: $299.56 (-3.06%) [hold]
🔴 QQQ: $596.91 (-0.62%) [hold]
------------------------------------------------------------
💰 总市值: $74,282.06
📉 总盈亏: $-1,064.42 (-1.41%)
============================================================
============================================================
📊 持仓监控报告 - 2026-02-18 00:30:31
============================================================
🔴 TSLA: $404.08 (-3.02%) [hold]
🔴 NVDA: $181.90 (-2.70%) [hold]
🔴 MSFT: $397.73 (-1.01%) [hold]
🔴 GOOGL: $299.56 (-3.06%) [hold]
🔴 QQQ: $596.91 (-0.62%) [hold]
------------------------------------------------------------
💰 总市值: $74,282.06
📉 总盈亏: $-1,064.42 (-1.41%)
============================================================
============================================================
📊 持仓监控报告 - 2026-02-18 01:00:23
============================================================
🔴 TSLA: $404.08 (-3.02%) [hold]
🔴 NVDA: $181.90 (-2.70%) [hold]
🔴 MSFT: $397.73 (-1.01%) [hold]
🔴 GOOGL: $299.56 (-3.06%) [hold]
🔴 QQQ: $596.91 (-0.62%) [hold]
------------------------------------------------------------
💰 总市值: $74,282.06
📉 总盈亏: $-1,064.42 (-1.41%)
============================================================
============================================================
📊 持仓监控报告 - 2026-02-18 01:30:05
============================================================
🔴 TSLA: $404.08 (-3.02%) [hold]
🔴 NVDA: $181.90 (-2.70%) [hold]
🔴 MSFT: $397.73 (-1.01%) [hold]
🔴 GOOGL: $299.56 (-3.06%) [hold]
🔴 QQQ: $596.91 (-0.62%) [hold]
------------------------------------------------------------
💰 总市值: $74,282.06
📉 总盈亏: $-1,064.42 (-1.41%)
============================================================
============================================================
📊 持仓监控报告 - 2026-02-18 02:01:09
============================================================
🔴 TSLA: $404.08 (-3.02%) [hold]
🔴 NVDA: $181.90 (-2.70%) [hold]
🔴 MSFT: $397.73 (-1.01%) [hold]
🔴 GOOGL: $299.56 (-3.06%) [hold]
🔴 QQQ: $596.91 (-0.62%) [hold]
------------------------------------------------------------
💰 总市值: $74,282.06
📉 总盈亏: $-1,064.42 (-1.41%)
============================================================
============================================================
📊 持仓监控报告 - 2026-02-18 02:30:05
============================================================
🔴 TSLA: $404.08 (-3.02%) [hold]
🔴 NVDA: $181.90 (-2.70%) [hold]
🔴 MSFT: $397.73 (-1.01%) [hold]
🔴 GOOGL: $299.56 (-3.06%) [hold]
🔴 QQQ: $596.91 (-0.62%) [hold]
------------------------------------------------------------
💰 总市值: $74,282.06
📉 总盈亏: $-1,064.42 (-1.41%)
============================================================
============================================================
📊 持仓监控报告 - 2026-02-18 03:00:05
============================================================
🔴 TSLA: $404.08 (-3.02%) [hold]
🔴 NVDA: $181.90 (-2.70%) [hold]
🔴 MSFT: $397.73 (-1.01%) [hold]
🔴 GOOGL: $299.56 (-3.06%) [hold]
🔴 QQQ: $596.91 (-0.62%) [hold]
------------------------------------------------------------
💰 总市值: $74,282.06
📉 总盈亏: $-1,064.42 (-1.41%)
============================================================
============================================================
📊 持仓监控报告 - 2026-02-18 03:30:08
============================================================
🔴 TSLA: $404.08 (-3.02%) [hold]
🔴 NVDA: $181.90 (-2.70%) [hold]
🔴 MSFT: $397.73 (-1.01%) [hold]
🔴 GOOGL: $299.56 (-3.06%) [hold]
🔴 QQQ: $596.91 (-0.62%) [hold]
------------------------------------------------------------
💰 总市值: $74,282.06
📉 总盈亏: $-1,064.42 (-1.41%)
============================================================
============================================================
📊 持仓监控报告 - 2026-02-18 03:30:11
============================================================
🔴 TSLA: $404.08 (-3.02%) [hold]
🔴 NVDA: $181.90 (-2.70%) [hold]
🔴 MSFT: $397.73 (-1.01%) [hold]
🔴 GOOGL: $299.56 (-3.06%) [hold]
🔴 QQQ: $596.91 (-0.62%) [hold]
------------------------------------------------------------
💰 总市值: $74,282.06
📉 总盈亏: $-1,064.42 (-1.41%)
============================================================
============================================================
📊 持仓监控报告 - 2026-02-18 21:01:58
============================================================
🔴 TSLA: $410.63 (-1.45%) [hold]
🔴 NVDA: $184.97 (-1.05%) [hold]
🔴 MSFT: $396.86 (-1.22%) [hold]
🔴 GOOGL: $302.02 (-2.26%) [hold]
🟢 QQQ: $601.30 (+0.11%) [hold]
------------------------------------------------------------
💰 总市值: $74,871.24
📉 总盈亏: $-475.24 (-0.63%)
============================================================
============================================================
📊 持仓监控报告 - 2026-02-18 21:30:05
============================================================
🔴 TSLA: $410.63 (-1.45%) [hold]
🔴 NVDA: $184.97 (-1.05%) [hold]
🔴 MSFT: $396.86 (-1.22%) [hold]
🔴 GOOGL: $302.02 (-2.26%) [hold]
🟢 QQQ: $601.30 (+0.11%) [hold]
------------------------------------------------------------
💰 总市值: $74,871.24
📉 总盈亏: $-475.24 (-0.63%)
============================================================
============================================================
📊 持仓监控报告 - 2026-02-18 22:01:31
============================================================
🔴 TSLA: $410.63 (-1.45%) [hold]
🔴 NVDA: $184.97 (-1.05%) [hold]
🔴 MSFT: $396.86 (-1.22%) [hold]
🔴 GOOGL: $302.02 (-2.26%) [hold]
🟢 QQQ: $601.30 (+0.11%) [hold]
------------------------------------------------------------
💰 总市值: $74,871.24
📉 总盈亏: $-475.24 (-0.63%)
============================================================
============================================================
📊 持仓监控报告 - 2026-02-18 22:30:14
============================================================
🔴 TSLA: $410.63 (-1.45%) [hold]
🔴 NVDA: $184.97 (-1.05%) [hold]
🔴 MSFT: $396.86 (-1.22%) [hold]
🔴 GOOGL: $302.02 (-2.26%) [hold]
🟢 QQQ: $601.30 (+0.11%) [hold]
------------------------------------------------------------
💰 总市值: $74,871.24
📉 总盈亏: $-475.24 (-0.63%)
============================================================
============================================================
📊 持仓监控报告 - 2026-02-18 23:00:06
============================================================
🔴 TSLA: $410.63 (-1.45%) [hold]
🔴 NVDA: $184.97 (-1.05%) [hold]
🔴 MSFT: $396.86 (-1.22%) [hold]
🔴 GOOGL: $302.02 (-2.26%) [hold]
🟢 QQQ: $601.30 (+0.11%) [hold]
------------------------------------------------------------
💰 总市值: $74,871.24
📉 总盈亏: $-475.24 (-0.63%)
============================================================
============================================================
📊 持仓监控报告 - 2026-02-18 23:30:10
============================================================
🔴 TSLA: $410.63 (-1.45%) [hold]
🔴 NVDA: $184.97 (-1.05%) [hold]
🔴 MSFT: $396.86 (-1.22%) [hold]
🔴 GOOGL: $302.02 (-2.26%) [hold]
🟢 QQQ: $601.30 (+0.11%) [hold]
------------------------------------------------------------
💰 总市值: $74,871.24
📉 总盈亏: $-475.24 (-0.63%)
============================================================
============================================================
📊 持仓监控报告 - 2026-02-19 00:01:04
============================================================
🔴 TSLA: $410.63 (-1.45%) [hold]
🔴 NVDA: $184.97 (-1.05%) [hold]
🔴 MSFT: $396.86 (-1.22%) [hold]
🔴 GOOGL: $302.02 (-2.26%) [hold]
🟢 QQQ: $601.30 (+0.11%) [hold]
------------------------------------------------------------
💰 总市值: $74,871.24
📉 总盈亏: $-475.24 (-0.63%)
============================================================
============================================================
📊 持仓监控报告 - 2026-02-19 00:30:19
============================================================
🔴 TSLA: $410.63 (-1.45%) [hold]
🔴 NVDA: $184.97 (-1.05%) [hold]
🔴 MSFT: $396.86 (-1.22%) [hold]
🔴 GOOGL: $302.02 (-2.26%) [hold]
🟢 QQQ: $601.30 (+0.11%) [hold]
------------------------------------------------------------
💰 总市值: $74,871.24
📉 总盈亏: $-475.24 (-0.63%)
============================================================
============================================================
📊 持仓监控报告 - 2026-02-19 01:00:10
============================================================
🔴 TSLA: $410.63 (-1.45%) [hold]
🔴 NVDA: $184.97 (-1.05%) [hold]
🔴 MSFT: $396.86 (-1.22%) [hold]
🔴 GOOGL: $302.02 (-2.26%) [hold]
🟢 QQQ: $601.30 (+0.11%) [hold]
------------------------------------------------------------
💰 总市值: $74,871.24
📉 总盈亏: $-475.24 (-0.63%)
============================================================
============================================================
📊 持仓监控报告 - 2026-02-19 01:30:05
============================================================
🔴 TSLA: $410.63 (-1.45%) [hold]
🔴 NVDA: $184.97 (-1.05%) [hold]
🔴 MSFT: $396.86 (-1.22%) [hold]
🔴 GOOGL: $302.02 (-2.26%) [hold]
🟢 QQQ: $601.30 (+0.11%) [hold]
------------------------------------------------------------
💰 总市值: $74,871.24
📉 总盈亏: $-475.24 (-0.63%)
============================================================
============================================================
📊 持仓监控报告 - 2026-02-19 02:00:33
============================================================
🔴 TSLA: $410.63 (-1.45%) [hold]
🔴 NVDA: $184.97 (-1.05%) [hold]
🔴 MSFT: $396.86 (-1.22%) [hold]
🔴 GOOGL: $302.02 (-2.26%) [hold]
🟢 QQQ: $601.30 (+0.11%) [hold]
------------------------------------------------------------
💰 总市值: $74,871.24
📉 总盈亏: $-475.24 (-0.63%)
============================================================
============================================================
📊 持仓监控报告 - 2026-02-19 02:30:25
============================================================
🔴 TSLA: $410.63 (-1.45%) [hold]
🔴 NVDA: $184.97 (-1.05%) [hold]
🔴 MSFT: $396.86 (-1.22%) [hold]
🔴 GOOGL: $302.02 (-2.26%) [hold]
🟢 QQQ: $601.30 (+0.11%) [hold]
------------------------------------------------------------
💰 总市值: $74,871.24
📉 总盈亏: $-475.24 (-0.63%)
============================================================
============================================================
📊 持仓监控报告 - 2026-02-19 03:00:11
============================================================
🔴 TSLA: $410.63 (-1.45%) [hold]
🔴 NVDA: $184.97 (-1.05%) [hold]
🔴 MSFT: $396.86 (-1.22%) [hold]
🔴 GOOGL: $302.02 (-2.26%) [hold]
🟢 QQQ: $601.30 (+0.11%) [hold]
------------------------------------------------------------
💰 总市值: $74,871.24
📉 总盈亏: $-475.24 (-0.63%)
============================================================
============================================================
📊 持仓监控报告 - 2026-02-19 03:30:15
============================================================
🔴 TSLA: $410.63 (-1.45%) [hold]
🔴 NVDA: $184.97 (-1.05%) [hold]
🔴 MSFT: $396.86 (-1.22%) [hold]
🔴 GOOGL: $302.02 (-2.26%) [hold]
🟢 QQQ: $601.30 (+0.11%) [hold]
------------------------------------------------------------
💰 总市值: $74,871.24
📉 总盈亏: $-475.24 (-0.63%)
============================================================
============================================================
📊 持仓监控报告 - 2026-02-19 21:13:38
============================================================
🔴 TSLA: $410.63 (-1.45%) [hold]
🔴 NVDA: $184.97 (-1.05%) [hold]
🔴 MSFT: $396.86 (-1.22%) [hold]
🔴 GOOGL: $302.02 (-2.26%) [hold]
🟢 QQQ: $601.30 (+0.11%) [hold]
------------------------------------------------------------
💰 总市值: $74,871.24
📉 总盈亏: $-475.24 (-0.63%)
============================================================
============================================================
📊 持仓监控报告 - 2026-02-19 21:21:59
============================================================
🔴 TSLA: $410.63 (-1.45%) [hold]
🔴 NVDA: $184.97 (-1.05%) [hold]
🔴 MSFT: $396.86 (-1.22%) [hold]
🔴 GOOGL: $302.02 (-2.26%) [hold]
🟢 QQQ: $601.30 (+0.11%) [hold]
------------------------------------------------------------
💰 总市值: $74,871.24
📉 总盈亏: $-475.24 (-0.63%)
============================================================
============================================================
📊 持仓监控报告 - 2026-02-19 21:30:08
============================================================
🔴 TSLA: $410.63 (-1.45%) [hold]
🔴 NVDA: $184.97 (-1.05%) [hold]
🔴 MSFT: $396.86 (-1.22%) [hold]
🔴 GOOGL: $302.02 (-2.26%) [hold]
🟢 QQQ: $601.30 (+0.11%) [hold]
------------------------------------------------------------
💰 总市值: $74,871.24
📉 总盈亏: $-475.24 (-0.63%)
============================================================
